// Jest Snapshot v1, https://goo.gl/fbAQLP

exports[`Given a HomePage Component When it's invoked) Then it should always match with this snapshot 1`] = `
<div
  className="sc-bczRLJ cyiygk"
>
  <h1
    className="text-center"
  >
    Ups... p치gina no encontrada
  </h1>
  <img
    alt="Imagen de p치gina de error"
    src="../../images/404.webp"
  />
</div>
`;

exports[`Given a HomePage component When it's invoked) Then it should always match with this snapshot 1`] = `
<div
  className="sc-bczRLJ cyiygk"
>
  <h1
    className="text-center"
  >
    Ups... p치gina no encontrada
  </h1>
  <img
    alt="Imagen de p치gina de error"
    src="../../images/404.webp"
  />
</div>
`;
